
> football-ai-web@0.1.0 dev
> next dev -p 3002

▲ Next.js 16.3.2 (Turbopack)
- Local:         http://localhost:3002
- Network:       http://169.254.83.107:3002
✓ Ready in 3.7s
✓ Running next.config.ts took 308ms

○ Compiling /matches/[fixtureId] ...
 GET /matches/sportsdb-2506175 200 in 15.9s (next.js: 14.1s, application-code: 1838ms)
 GET /matches/sportsdb-2506175 200 in 764ms (next.js: 341ms, application-code: 423ms)
✓ Compiled in 497ms
 GET /matches/sportsdb-2506175 200 in 652ms (next.js: 147ms, application-code: 505ms)
 GET /matches/sportsdb-2506175 200 in 218ms (next.js: 49ms, application-code: 169ms)
 GET /matches/sportsdb-2506175 200 in 216ms (next.js: 60ms, application-code: 156ms)
 GET /matches/sportsdb-2506175 200 in 255ms (next.js: 156ms, application-code: 99ms)
 GET /matches/sportsdb-2506175 200 in 200ms (next.js: 47ms, application-code: 153ms)
 GET /matches/sportsdb-2506175 200 in 180ms (next.js: 49ms, application-code: 132ms)
 GET /matches/sportsdb-2506175 200 in 212ms (next.js: 56ms, application-code: 156ms)
 GET /matches/sportsdb-2506175 200 in 249ms (next.js: 66ms, application-code: 183ms)
 GET /matches/sportsdb-2506175 200 in 908ms (next.js: 538ms, application-code: 370ms)
○ Compiling / ...
 GET / 200 in 10.0s (next.js: 9.6s, application-code: 403ms)
 GET /performance 200 in 119ms (next.js: 23ms, application-code: 96ms)
 GET /performance 200 in 8.3s (next.js: 8.1s, application-code: 204ms)
 GET /matches/sportsdb-2506175 200 in 925ms (next.js: 124ms, application-code: 800ms)
 GET /performance 200 in 46ms (next.js: 27ms, application-code: 19ms)
 GET /matches/sportsdb-2506175 200 in 570ms (next.js: 256ms, application-code: 314ms)
 GET /matches/sportsdb-2506175 200 in 185ms (next.js: 44ms, application-code: 141ms)
 GET /matches/sportsdb-2506175 200 in 77ms (next.js: 18ms, application-code: 59ms)
 GET /matches/sportsdb-2506175 200 in 228ms (next.js: 18ms, application-code: 210ms)
 GET /matches/sportsdb-2506175 200 in 94ms (next.js: 34ms, application-code: 60ms)
 GET /matches/sportsdb-2506175 200 in 92ms (next.js: 23ms, application-code: 69ms)
 GET /matches/sportsdb-2506175 200 in 84ms (next.js: 19ms, application-code: 65ms)
 GET /matches/sportsdb-2506175 200 in 96ms (next.js: 26ms, application-code: 70ms)
 GET /matches/sportsdb-2506175 200 in 85ms (next.js: 20ms, application-code: 65ms)
